[29/Jan/2018 06:08:14] "GET /query/ HTTP/1.1" 200 7111
[29/Jan/2018 06:08:14] "GET /static/bower_components/datatables-responsive/css/dataTables.responsive.css HTTP/1.1" 404 1813
[29/Jan/2018 06:08:17] "GET /grant/ HTTP/1.1" 200 16711
[29/Jan/2018 06:08:18] "GET /query/ HTTP/1.1" 200 7111
[29/Jan/2018 06:08:18] "GET /static/bower_components/datatables-responsive/css/dataTables.responsive.css HTTP/1.1" 404 1813
[29/Jan/2018 06:08:20] "GET /wait/ HTTP/1.1" 200 6770
[29/Jan/2018 06:08:20] "GET /static/bower_components/datatables-responsive/css/dataTables.responsive.css HTTP/1.1" 404 1813
[29/Jan/2018 06:08:21] "GET /grant/ HTTP/1.1" 200 16711
[29/Jan/2018 06:11:33] "POST /grant/ HTTP/1.1" 200 16820
[29/Jan/2018 10:14:28] "GET /grant/ HTTP/1.1" 200 16711
[29/Jan/2018 10:14:52] "GET /grant/ HTTP/1.1" 200 16711
[30/Jan/2018 03:10:08] "GET /grant/ HTTP/1.1" 200 16711
[30/Jan/2018 05:48:43] "GET /grant/ HTTP/1.1" 200 16711
[30/Jan/2018 05:48:44] "GET /grant/ HTTP/1.1" 200 16711
[30/Jan/2018 05:48:46] "GET /query/ HTTP/1.1" 200 8158
[30/Jan/2018 05:48:46] "GET /static/bower_components/datatables-responsive/css/dataTables.responsive.css HTTP/1.1" 404 1813
[30/Jan/2018 05:48:52] "GET /grant/ HTTP/1.1" 200 16711
[30/Jan/2018 05:49:31] "POST /grant/ HTTP/1.1" 200 16820
[30/Jan/2018 05:50:38] "GET /grant/ HTTP/1.1" 200 16711
[30/Jan/2018 05:51:18] "POST /grant/ HTTP/1.1" 200 16820
[30/Jan/2018 05:56:59] "POST /grant/ HTTP/1.1" 200 16820
[30/Jan/2018 05:57:01] "GET /query/ HTTP/1.1" 200 10247
[30/Jan/2018 05:57:01] "GET /static/bower_components/datatables-responsive/css/dataTables.responsive.css HTTP/1.1" 404 1813
[30/Jan/2018 05:57:06] "GET /query/ HTTP/1.1" 200 10247
[30/Jan/2018 05:57:06] "GET /static/bower_components/datatables-responsive/css/dataTables.responsive.css HTTP/1.1" 404 1813
[30/Jan/2018 05:57:07] "GET /query/ HTTP/1.1" 200 10247
[30/Jan/2018 05:57:07] "GET /static/bower_components/datatables-responsive/css/dataTables.responsive.css HTTP/1.1" 404 1813
[30/Jan/2018 05:57:08] "GET /query/ HTTP/1.1" 200 10247
[30/Jan/2018 05:57:08] "GET /static/bower_components/datatables-responsive/css/dataTables.responsive.css HTTP/1.1" 404 1813
[30/Jan/2018 05:57:09] "GET /query/ HTTP/1.1" 200 10247
[30/Jan/2018 05:57:09] "GET /static/bower_components/datatables-responsive/css/dataTables.responsive.css HTTP/1.1" 404 1813
[30/Jan/2018 05:57:10] "GET /query/ HTTP/1.1" 200 10247
[30/Jan/2018 05:57:10] "GET /static/bower_components/datatables-responsive/css/dataTables.responsive.css HTTP/1.1" 404 1813
[30/Jan/2018 05:57:10] "GET /query/ HTTP/1.1" 200 10247
[30/Jan/2018 05:57:10] "GET /static/bower_components/datatables-responsive/css/dataTables.responsive.css HTTP/1.1" 404 1813
[30/Jan/2018 05:57:11] "GET /query/ HTTP/1.1" 200 10247
[30/Jan/2018 05:57:11] "GET /static/bower_components/datatables-responsive/css/dataTables.responsive.css HTTP/1.1" 404 1813
[30/Jan/2018 05:57:12] "GET /query/ HTTP/1.1" 200 10247
[30/Jan/2018 05:57:12] "GET /static/bower_components/datatables-responsive/css/dataTables.responsive.css HTTP/1.1" 404 1813
[30/Jan/2018 05:57:12] "GET /query/ HTTP/1.1" 200 10247
[30/Jan/2018 05:57:12] "GET /static/bower_components/datatables-responsive/css/dataTables.responsive.css HTTP/1.1" 404 1813
[30/Jan/2018 05:57:13] "GET /query/ HTTP/1.1" 200 10247
[30/Jan/2018 05:57:13] "GET /static/bower_components/datatables-responsive/css/dataTables.responsive.css HTTP/1.1" 404 1813
[30/Jan/2018 05:57:39] "GET /query/ HTTP/1.1" 200 10247
[30/Jan/2018 05:57:39] "GET /static/bower_components/datatables-responsive/css/dataTables.responsive.css HTTP/1.1" 404 1813
[30/Jan/2018 05:57:42] "GET /query/ HTTP/1.1" 200 10247
[30/Jan/2018 05:57:42] "GET /static/bower_components/datatables-responsive/css/dataTables.responsive.css HTTP/1.1" 404 1813
[30/Jan/2018 05:57:43] "GET /query/ HTTP/1.1" 200 10247
[30/Jan/2018 05:57:43] "GET /static/bower_components/datatables-responsive/css/dataTables.responsive.css HTTP/1.1" 404 1813
[30/Jan/2018 05:57:44] "GET /query/ HTTP/1.1" 200 10247
[30/Jan/2018 05:57:44] "GET /static/bower_components/datatables-responsive/css/dataTables.responsive.css HTTP/1.1" 404 1813
[30/Jan/2018 05:57:46] "GET /query/ HTTP/1.1" 200 10247
[30/Jan/2018 05:57:46] "GET /static/bower_components/datatables-responsive/css/dataTables.responsive.css HTTP/1.1" 404 1813
[30/Jan/2018 05:57:47] "GET /query/ HTTP/1.1" 200 10247
[30/Jan/2018 05:57:47] "GET /static/bower_components/datatables-responsive/css/dataTables.responsive.css HTTP/1.1" 404 1813
[30/Jan/2018 05:57:48] "GET /query/ HTTP/1.1" 200 10247
[30/Jan/2018 05:57:48] "GET /static/bower_components/datatables-responsive/css/dataTables.responsive.css HTTP/1.1" 404 1813
[30/Jan/2018 05:57:48] "GET /query/ HTTP/1.1" 200 10247
[30/Jan/2018 05:57:48] "GET /static/bower_components/datatables-responsive/css/dataTables.responsive.css HTTP/1.1" 404 1813
[30/Jan/2018 05:57:55] "GET /grant/ HTTP/1.1" 200 16711
[30/Jan/2018 05:57:59] "GET /query/ HTTP/1.1" 200 10247
[30/Jan/2018 05:57:59] "GET /static/bower_components/datatables-responsive/css/dataTables.responsive.css HTTP/1.1" 404 1813
[30/Jan/2018 05:58:03] "GET /wait/ HTTP/1.1" 200 6770
[30/Jan/2018 05:58:03] "GET /static/bower_components/datatables-responsive/css/dataTables.responsive.css HTTP/1.1" 404 1813
[30/Jan/2018 05:58:04] "GET /grant/ HTTP/1.1" 200 16711
[30/Jan/2018 05:58:06] "GET /query/ HTTP/1.1" 200 10247
[30/Jan/2018 05:58:06] "GET /static/bower_components/datatables-responsive/css/dataTables.responsive.css HTTP/1.1" 404 1813
[30/Jan/2018 05:58:23] "GET /grant/ HTTP/1.1" 200 16711
[30/Jan/2018 05:59:01] "POST /grant/ HTTP/1.1" 200 16820
[30/Jan/2018 05:59:17] "GET /query/ HTTP/1.1" 200 11294
[30/Jan/2018 05:59:17] "GET /static/bower_components/datatables-responsive/css/dataTables.responsive.css HTTP/1.1" 404 1813
[30/Jan/2018 06:45:45] "GET /query/ HTTP/1.1" 200 11294
[30/Jan/2018 06:45:46] "GET /static/bower_components/datatables-responsive/css/dataTables.responsive.css HTTP/1.1" 404 1813
[30/Jan/2018 06:47:58] "GET /grant/ HTTP/1.1" 200 16711
[30/Jan/2018 06:48:31] "POST /grant/ HTTP/1.1" 200 16820
[30/Jan/2018 06:48:33] "GET /query/ HTTP/1.1" 200 11294
[30/Jan/2018 06:48:33] "GET /static/bower_components/datatables-responsive/css/dataTables.responsive.css HTTP/1.1" 404 1813
[30/Jan/2018 06:48:35] "GET /query/ HTTP/1.1" 200 11294
[30/Jan/2018 06:48:35] "GET /static/bower_components/datatables-responsive/css/dataTables.responsive.css HTTP/1.1" 404 1813
[30/Jan/2018 06:48:37] "GET /query/ HTTP/1.1" 200 11294
[30/Jan/2018 06:48:37] "GET /static/bower_components/datatables-responsive/css/dataTables.responsive.css HTTP/1.1" 404 1813
[30/Jan/2018 06:49:38] "GET /query/ HTTP/1.1" 200 11294
[30/Jan/2018 06:49:38] "GET /static/bower_components/datatables-responsive/css/dataTables.responsive.css HTTP/1.1" 404 1813
[30/Jan/2018 06:49:41] "GET /query/ HTTP/1.1" 200 11294
[30/Jan/2018 06:49:41] "GET /static/bower_components/datatables-responsive/css/dataTables.responsive.css HTTP/1.1" 404 1813
[30/Jan/2018 06:49:49] "GET /query/ HTTP/1.1" 200 11294
[30/Jan/2018 06:49:49] "GET /static/bower_components/datatables-responsive/css/dataTables.responsive.css HTTP/1.1" 404 1813
[30/Jan/2018 06:49:50] "GET /query/ HTTP/1.1" 200 11294
[30/Jan/2018 06:49:50] "GET /static/bower_components/datatables-responsive/css/dataTables.responsive.css HTTP/1.1" 404 1813
[30/Jan/2018 06:49:56] "GET /query/ HTTP/1.1" 200 11294
[30/Jan/2018 06:49:56] "GET /static/bower_components/datatables-responsive/css/dataTables.responsive.css HTTP/1.1" 404 1813
[30/Jan/2018 06:49:58] "GET /grant/ HTTP/1.1" 200 16711
[30/Jan/2018 06:50:00] "GET /query/ HTTP/1.1" 200 11294
[30/Jan/2018 06:50:00] "GET /static/bower_components/datatables-responsive/css/dataTables.responsive.css HTTP/1.1" 404 1813
[30/Jan/2018 06:50:14] "GET /query/ HTTP/1.1" 200 11294
[30/Jan/2018 06:50:14] "GET /static/bower_components/datatables-responsive/css/dataTables.responsive.css HTTP/1.1" 404 1813
[30/Jan/2018 06:50:16] "GET /query/ HTTP/1.1" 200 11294
[30/Jan/2018 06:50:16] "GET /static/bower_components/datatables-responsive/css/dataTables.responsive.css HTTP/1.1" 404 1813
[30/Jan/2018 06:50:16] "GET /query/ HTTP/1.1" 200 11294
[30/Jan/2018 06:50:16] "GET /static/bower_components/datatables-responsive/css/dataTables.responsive.css HTTP/1.1" 404 1813
[30/Jan/2018 06:50:17] "GET /query/ HTTP/1.1" 200 11294
[30/Jan/2018 06:50:17] "GET /static/bower_components/datatables-responsive/css/dataTables.responsive.css HTTP/1.1" 404 1813
[30/Jan/2018 06:50:17] "GET /query/ HTTP/1.1" 200 11294
[30/Jan/2018 06:50:17] "GET /static/bower_components/datatables-responsive/css/dataTables.responsive.css HTTP/1.1" 404 1813
[30/Jan/2018 06:50:18] "GET /query/ HTTP/1.1" 200 11294
[30/Jan/2018 06:50:18] "GET /static/bower_components/datatables-responsive/css/dataTables.responsive.css HTTP/1.1" 404 1813
[30/Jan/2018 06:50:18] "GET /query/ HTTP/1.1" 200 11294
[30/Jan/2018 06:50:18] "GET /static/bower_components/datatables-responsive/css/dataTables.responsive.css HTTP/1.1" 404 1813
[30/Jan/2018 06:50:19] "GET /query/ HTTP/1.1" 200 11294
[30/Jan/2018 06:50:19] "GET /static/bower_components/datatables-responsive/css/dataTables.responsive.css HTTP/1.1" 404 1813
[30/Jan/2018 06:50:19] "GET /query/ HTTP/1.1" 200 11294
[30/Jan/2018 06:50:19] "GET /static/bower_components/datatables-responsive/css/dataTables.responsive.css HTTP/1.1" 404 1813
[30/Jan/2018 06:50:19] "GET /query/ HTTP/1.1" 200 11294
[30/Jan/2018 06:50:19] "GET /static/bower_components/datatables-responsive/css/dataTables.responsive.css HTTP/1.1" 404 1813
[30/Jan/2018 06:50:19] "GET /query/ HTTP/1.1" 200 11294
[30/Jan/2018 06:50:19] "GET /static/bower_components/datatables-responsive/css/dataTables.responsive.css HTTP/1.1" 404 1813
[30/Jan/2018 06:50:20] "GET /query/ HTTP/1.1" 200 11294
[30/Jan/2018 06:50:20] "GET /static/bower_components/datatables-responsive/css/dataTables.responsive.css HTTP/1.1" 404 1813
[30/Jan/2018 06:50:21] "GET /query/ HTTP/1.1" 200 11294
[30/Jan/2018 06:50:21] "GET /static/bower_components/datatables-responsive/css/dataTables.responsive.css HTTP/1.1" 404 1813
[30/Jan/2018 06:50:21] "GET /query/ HTTP/1.1" 200 11294
[30/Jan/2018 06:50:21] "GET /static/bower_components/datatables-responsive/css/dataTables.responsive.css HTTP/1.1" 404 1813
[30/Jan/2018 06:50:22] "GET /query/ HTTP/1.1" 200 11294
[30/Jan/2018 06:50:22] "GET /static/bower_components/datatables-responsive/css/dataTables.responsive.css HTTP/1.1" 404 1813
[30/Jan/2018 06:50:22] "GET /query/ HTTP/1.1" 200 11294
[30/Jan/2018 06:50:22] "GET /static/bower_components/datatables-responsive/css/dataTables.responsive.css HTTP/1.1" 404 1813
[30/Jan/2018 06:50:23] "GET /query/ HTTP/1.1" 200 11294
[30/Jan/2018 06:50:23] "GET /static/bower_components/datatables-responsive/css/dataTables.responsive.css HTTP/1.1" 404 1813
[30/Jan/2018 06:50:23] "GET /query/ HTTP/1.1" 200 11294
[30/Jan/2018 06:50:23] "GET /static/bower_components/datatables-responsive/css/dataTables.responsive.css HTTP/1.1" 404 1813
[30/Jan/2018 06:50:23] "GET /query/ HTTP/1.1" 200 11294
[30/Jan/2018 06:50:23] "GET /static/bower_components/datatables-responsive/css/dataTables.responsive.css HTTP/1.1" 404 1813
[30/Jan/2018 06:51:17] "GET /grant/ HTTP/1.1" 200 16711
[30/Jan/2018 07:48:01] "GET /grant/ HTTP/1.1" 200 16711
[30/Jan/2018 09:18:53] "GET /query/ HTTP/1.1" 200 7111
[30/Jan/2018 09:18:53] "GET /static/bower_components/metisMenu/dist/metisMenu.min.css HTTP/1.1" 200 781
[30/Jan/2018 09:18:53] "GET /static/bower_components/datatables-responsive/css/dataTables.responsive.css HTTP/1.1" 404 1813
[30/Jan/2018 09:18:53] "GET /static/bower_components/datatables-plugins/integration/bootstrap/3/dataTables.bootstrap.css HTTP/1.1" 200 7616
[30/Jan/2018 09:18:53] "GET /static/bower_components/font-awesome/css/font-awesome.min.css HTTP/1.1" 200 21984
[30/Jan/2018 09:18:53] "GET /static/dist/css/sb-admin-2.css HTTP/1.1" 200 5593
[30/Jan/2018 09:18:53] "GET /static/bower_components/metisMenu/dist/metisMenu.min.js HTTP/1.1" 200 1879
[30/Jan/2018 09:18:53] "GET /static/bower_components/bootstrap/dist/js/bootstrap.min.js HTTP/1.1" 200 36868
[30/Jan/2018 09:18:53] "GET /static/bower_components/bootstrap/dist/css/bootstrap.min.css HTTP/1.1" 200 121260
[30/Jan/2018 09:18:53] "GET /static/bower_components/datatables-plugins/integration/bootstrap/3/dataTables.bootstrap.min.js HTTP/1.1" 200 1942
[30/Jan/2018 09:18:53] "GET /static/dist/js/sb-admin-2.js HTTP/1.1" 200 1181
[30/Jan/2018 09:18:53] "GET /static/bower_components/jquery/dist/jquery.min.js HTTP/1.1" 200 84380
[30/Jan/2018 09:18:53] "GET /static/bower_components/datatables/media/js/jquery.dataTables.min.js HTTP/1.1" 200 81702
[30/Jan/2018 09:18:53] "GET /static/bower_components/font-awesome/fonts/fontawesome-webfont.woff?v=4.2.0 HTTP/1.1" 200 65452
[30/Jan/2018 09:18:57] "GET /grant/ HTTP/1.1" 200 16711
[30/Jan/2018 09:18:57] "GET /static/selected/prism.css HTTP/1.1" 200 1492
[30/Jan/2018 09:18:57] "GET /static/selected/prism.js HTTP/1.1" 200 6659
[30/Jan/2018 09:18:57] "GET /static/selected/chosen.css HTTP/1.1" 200 12587
[30/Jan/2018 09:18:57] "GET /static/selected/chosen.jquery.js HTTP/1.1" 200 30044
[30/Jan/2018 09:18:57] "GET /static/js/JTimer.js HTTP/1.1" 200 25470
[30/Jan/2018 09:19:03] "GET /query/ HTTP/1.1" 200 1272
[30/Jan/2018 09:19:03] "GET /static/dist/css/style.css HTTP/1.1" 200 4882
[30/Jan/2018 09:19:21] "GET /grant/ HTTP/1.1" 200 16711
[30/Jan/2018 09:19:57] "POST /grant/ HTTP/1.1" 200 16820
[30/Jan/2018 09:20:17] "POST /grant/ HTTP/1.1" 200 16820
[30/Jan/2018 09:20:38] "POST /grant/ HTTP/1.1" 200 16820
[30/Jan/2018 09:20:43] "GET /query/ HTTP/1.1" 200 10234
[30/Jan/2018 09:20:43] "GET /static/bower_components/datatables-responsive/css/dataTables.responsive.css HTTP/1.1" 404 1813
/usr/lib/python2.6/site-packages/django/http/response.py:327: DeprecationWarning: Using mimetype keyword argument is deprecated, use content_type instead
  super(HttpResponse, self).__init__(*args, **kwargs)
[30/Jan/2018 09:21:30] "GET /flow/ HTTP/1.1" 200 74844
[31/Jan/2018 01:56:56] "GET /query/ HTTP/1.1" 200 10234
[31/Jan/2018 01:56:56] "GET /static/bower_components/datatables-responsive/css/dataTables.responsive.css HTTP/1.1" 404 1813
[31/Jan/2018 01:56:58] "GET /grant/ HTTP/1.1" 200 16711
[31/Jan/2018 01:57:14] "POST /grant/ HTTP/1.1" 200 16820
[31/Jan/2018 04:53:29] "GET /grant/ HTTP/1.1" 200 16711
[01/Feb/2018 07:36:00] "GET /grant/ HTTP/1.1" 200 16711
[01/Feb/2018 07:36:13] "GET /grant/ HTTP/1.1" 200 16711
[01/Feb/2018 07:36:13] "GET /static/bower_components/font-awesome/css/font-awesome.min.css HTTP/1.1" 200 21984
[01/Feb/2018 07:36:13] "GET /static/bower_components/metisMenu/dist/metisMenu.min.css HTTP/1.1" 200 781
[01/Feb/2018 07:36:13] "GET /static/selected/prism.css HTTP/1.1" 200 1492
[01/Feb/2018 07:36:13] "GET /static/bower_components/bootstrap/dist/css/bootstrap.min.css HTTP/1.1" 200 121260
[01/Feb/2018 07:36:13] "GET /static/bower_components/jquery/dist/jquery.min.js HTTP/1.1" 200 84380
[01/Feb/2018 07:36:13] "GET /static/bower_components/metisMenu/dist/metisMenu.min.js HTTP/1.1" 200 1879
[01/Feb/2018 07:36:13] "GET /static/dist/css/sb-admin-2.css HTTP/1.1" 200 5593
[01/Feb/2018 07:36:13] "GET /static/bower_components/bootstrap/dist/js/bootstrap.min.js HTTP/1.1" 200 36868
[01/Feb/2018 07:36:13] "GET /static/selected/chosen.css HTTP/1.1" 200 12587
[01/Feb/2018 07:36:13] "GET /static/selected/prism.js HTTP/1.1" 200 6659
[01/Feb/2018 07:36:13] "GET /static/dist/js/sb-admin-2.js HTTP/1.1" 200 1181
[01/Feb/2018 07:36:13] "GET /static/selected/chosen.jquery.js HTTP/1.1" 200 30044
[01/Feb/2018 07:36:13] "GET /static/bower_components/font-awesome/fonts/fontawesome-webfont.woff?v=4.2.0 HTTP/1.1" 200 65452
[01/Feb/2018 07:36:13] "GET /static/js/JTimer.js HTTP/1.1" 200 25470
[01/Feb/2018 07:37:08] "POST /grant/ HTTP/1.1" 200 16820
[01/Feb/2018 07:39:44] "GET /query/ HTTP/1.1" 200 8145
[01/Feb/2018 07:39:44] "GET /static/bower_components/datatables-plugins/integration/bootstrap/3/dataTables.bootstrap.css HTTP/1.1" 200 7616
[01/Feb/2018 07:39:44] "GET /static/bower_components/datatables-responsive/css/dataTables.responsive.css HTTP/1.1" 404 1813
[01/Feb/2018 07:39:44] "GET /static/bower_components/datatables-plugins/integration/bootstrap/3/dataTables.bootstrap.min.js HTTP/1.1" 200 1942
[01/Feb/2018 07:39:45] "GET /static/bower_components/datatables/media/js/jquery.dataTables.min.js HTTP/1.1" 200 81702
[01/Feb/2018 07:41:21] "GET /query/ HTTP/1.1" 200 16491
[01/Feb/2018 07:41:21] "GET /static/bower_components/datatables-responsive/css/dataTables.responsive.css HTTP/1.1" 404 1813
[01/Feb/2018 07:41:35] "GET /query/ HTTP/1.1" 200 16491
[01/Feb/2018 07:41:35] "GET /static/bower_components/datatables-responsive/css/dataTables.responsive.css HTTP/1.1" 404 1813
[01/Feb/2018 07:43:30] "GET /grant/ HTTP/1.1" 200 16711
[01/Feb/2018 07:43:36] "GET /grant/ HTTP/1.1" 200 16711
[01/Feb/2018 07:43:36] "GET /static/dist/css/sb-admin-2.css HTTP/1.1" 304 0
[01/Feb/2018 07:43:36] "GET /static/bower_components/bootstrap/dist/css/bootstrap.min.css HTTP/1.1" 304 0
[01/Feb/2018 07:43:36] "GET /static/bower_components/metisMenu/dist/metisMenu.min.css HTTP/1.1" 304 0
[01/Feb/2018 07:43:36] "GET /static/bower_components/font-awesome/css/font-awesome.min.css HTTP/1.1" 304 0
[01/Feb/2018 07:43:36] "GET /static/selected/chosen.css HTTP/1.1" 304 0
[01/Feb/2018 07:43:36] "GET /static/selected/prism.css HTTP/1.1" 304 0
[01/Feb/2018 07:43:37] "GET /static/bower_components/bootstrap/dist/js/bootstrap.min.js HTTP/1.1" 304 0
[01/Feb/2018 07:43:37] "GET /static/bower_components/jquery/dist/jquery.min.js HTTP/1.1" 304 0
[01/Feb/2018 07:43:37] "GET /static/bower_components/metisMenu/dist/metisMenu.min.js HTTP/1.1" 304 0
[01/Feb/2018 07:43:37] "GET /static/selected/prism.js HTTP/1.1" 304 0
[01/Feb/2018 07:43:37] "GET /static/selected/chosen.jquery.js HTTP/1.1" 304 0
[01/Feb/2018 07:43:37] "GET /static/dist/js/sb-admin-2.js HTTP/1.1" 304 0
[01/Feb/2018 07:43:37] "GET /static/js/JTimer.js HTTP/1.1" 304 0
[01/Feb/2018 07:45:17] "GET /grant/ HTTP/1.1" 200 16711
[01/Feb/2018 07:45:17] "GET /static/bower_components/metisMenu/dist/metisMenu.min.css HTTP/1.1" 304 0
[01/Feb/2018 07:45:17] "GET /static/dist/css/sb-admin-2.css HTTP/1.1" 304 0
[01/Feb/2018 07:45:17] "GET /static/bower_components/bootstrap/dist/css/bootstrap.min.css HTTP/1.1" 304 0
[01/Feb/2018 07:45:17] "GET /static/bower_components/font-awesome/css/font-awesome.min.css HTTP/1.1" 304 0
[01/Feb/2018 07:45:17] "GET /static/selected/prism.css HTTP/1.1" 304 0
[01/Feb/2018 07:45:17] "GET /static/selected/chosen.css HTTP/1.1" 304 0
[01/Feb/2018 07:45:17] "GET /static/bower_components/bootstrap/dist/js/bootstrap.min.js HTTP/1.1" 304 0
[01/Feb/2018 07:45:17] "GET /static/bower_components/jquery/dist/jquery.min.js HTTP/1.1" 304 0
[01/Feb/2018 07:45:17] "GET /static/bower_components/metisMenu/dist/metisMenu.min.js HTTP/1.1" 304 0
[01/Feb/2018 07:45:17] "GET /static/selected/chosen.jquery.js HTTP/1.1" 304 0
[01/Feb/2018 07:45:17] "GET /static/dist/js/sb-admin-2.js HTTP/1.1" 304 0
[01/Feb/2018 07:45:17] "GET /static/selected/prism.js HTTP/1.1" 304 0
[01/Feb/2018 07:45:17] "GET /static/js/JTimer.js HTTP/1.1" 304 0
[01/Feb/2018 07:45:36] "POST /grant/ HTTP/1.1" 200 16820
[01/Feb/2018 07:45:38] "GET /query/ HTTP/1.1" 200 8149
[01/Feb/2018 07:45:38] "GET /static/bower_components/datatables-responsive/css/dataTables.responsive.css HTTP/1.1" 404 1813
[01/Feb/2018 07:54:31] "GET /grant/ HTTP/1.1" 200 1272
[01/Feb/2018 07:54:31] "GET /static/dist/css/style.css HTTP/1.1" 200 4882
[01/Feb/2018 07:54:58] "POST /login/ HTTP/1.1" 200 1388
[01/Feb/2018 07:55:10] "POST /login/ HTTP/1.1" 200 1388
[01/Feb/2018 07:55:18] "POST /login/ HTTP/1.1" 302 0
[01/Feb/2018 07:55:18] "GET /grant/ HTTP/1.1" 200 16711
[01/Feb/2018 07:55:18] "GET /static/bower_components/metisMenu/dist/metisMenu.min.css HTTP/1.1" 200 781
[01/Feb/2018 07:55:18] "GET /static/bower_components/font-awesome/css/font-awesome.min.css HTTP/1.1" 200 21984
[01/Feb/2018 07:55:18] "GET /static/selected/prism.css HTTP/1.1" 200 1492
[01/Feb/2018 07:55:18] "GET /static/dist/css/sb-admin-2.css HTTP/1.1" 200 5593
[01/Feb/2018 07:55:18] "GET /static/selected/chosen.css HTTP/1.1" 200 12587
[01/Feb/2018 07:55:18] "GET /static/bower_components/bootstrap/dist/js/bootstrap.min.js HTTP/1.1" 200 36868
[01/Feb/2018 07:55:18] "GET /static/bower_components/metisMenu/dist/metisMenu.min.js HTTP/1.1" 200 1879
[01/Feb/2018 07:55:18] "GET /static/selected/prism.js HTTP/1.1" 200 6659
[01/Feb/2018 07:55:18] "GET /static/dist/js/sb-admin-2.js HTTP/1.1" 200 1181
[01/Feb/2018 07:55:18] "GET /static/selected/chosen.jquery.js HTTP/1.1" 200 30044
[01/Feb/2018 07:55:18] "GET /static/bower_components/jquery/dist/jquery.min.js HTTP/1.1" 200 84380
[01/Feb/2018 07:55:18] "GET /static/js/JTimer.js HTTP/1.1" 200 25470
[01/Feb/2018 07:55:18] "GET /static/bower_components/bootstrap/dist/css/bootstrap.min.css HTTP/1.1" 200 121260
[01/Feb/2018 07:55:19] "GET /static/bower_components/font-awesome/fonts/fontawesome-webfont.woff?v=4.2.0 HTTP/1.1" 200 65452
[01/Feb/2018 07:55:29] "GET /wait/ HTTP/1.1" 200 6770
[01/Feb/2018 07:55:29] "GET /static/bower_components/datatables-responsive/css/dataTables.responsive.css HTTP/1.1" 404 1813
[01/Feb/2018 07:55:29] "GET /static/bower_components/datatables-plugins/integration/bootstrap/3/dataTables.bootstrap.css HTTP/1.1" 200 7616
[01/Feb/2018 07:55:29] "GET /static/bower_components/datatables-plugins/integration/bootstrap/3/dataTables.bootstrap.min.js HTTP/1.1" 200 1942
[01/Feb/2018 07:55:29] "GET /static/bower_components/datatables/media/js/jquery.dataTables.min.js HTTP/1.1" 200 81702
[01/Feb/2018 07:55:31] "GET /grant/ HTTP/1.1" 200 16711
[01/Feb/2018 07:56:05] "POST /grant/ HTTP/1.1" 200 16820
[01/Feb/2018 08:02:17] "GET /grant/ HTTP/1.1" 200 16711
[01/Feb/2018 08:02:44] "POST /grant/ HTTP/1.1" 200 16820
[01/Feb/2018 08:05:18] "POST /grant/ HTTP/1.1" 200 16820
[01/Feb/2018 08:05:42] "POST /grant/ HTTP/1.1" 200 16820
[01/Feb/2018 08:06:05] "POST /grant/ HTTP/1.1" 200 16820
[01/Feb/2018 08:06:44] "POST /grant/ HTTP/1.1" 200 16820
[01/Feb/2018 08:06:45] "GET /query/ HTTP/1.1" 200 13319
[01/Feb/2018 08:06:45] "GET /static/bower_components/datatables-responsive/css/dataTables.responsive.css HTTP/1.1" 404 1813
[01/Feb/2018 08:08:19] "POST /query/ HTTP/1.1" 200 54
[01/Feb/2018 08:08:21] "GET /query/ HTTP/1.1" 200 13319
[01/Feb/2018 08:37:24] "GET /query/ HTTP/1.1" 200 13319
[01/Feb/2018 08:37:24] "GET /static/bower_components/datatables-responsive/css/dataTables.responsive.css HTTP/1.1" 404 1813
[01/Feb/2018 08:37:26] "GET /grant/ HTTP/1.1" 200 16711
[01/Feb/2018 08:37:27] "GET /query/ HTTP/1.1" 200 13319
[01/Feb/2018 08:37:28] "GET /static/bower_components/datatables-responsive/css/dataTables.responsive.css HTTP/1.1" 404 1813
[01/Feb/2018 08:37:34] "GET /grant/ HTTP/1.1" 200 16711
[01/Feb/2018 08:37:54] "POST /grant/ HTTP/1.1" 200 16820
[01/Feb/2018 08:37:57] "GET /query/ HTTP/1.1" 200 13319
[01/Feb/2018 08:37:57] "GET /static/bower_components/datatables-responsive/css/dataTables.responsive.css HTTP/1.1" 404 1813
[01/Feb/2018 08:38:03] "POST /query/ HTTP/1.1" 200 54
[01/Feb/2018 08:38:05] "GET /query/ HTTP/1.1" 200 13319
[01/Feb/2018 09:07:01] "GET /query/ HTTP/1.1" 200 13319
[01/Feb/2018 09:07:01] "GET /static/bower_components/bootstrap/dist/js/bootstrap.min.js HTTP/1.1" 304 0
[01/Feb/2018 09:07:01] "GET /static/bower_components/jquery/dist/jquery.min.js HTTP/1.1" 304 0
[01/Feb/2018 09:07:01] "GET /static/bower_components/datatables-plugins/integration/bootstrap/3/dataTables.bootstrap.min.js HTTP/1.1" 304 0
[01/Feb/2018 09:07:01] "GET /static/dist/js/sb-admin-2.js HTTP/1.1" 304 0
[01/Feb/2018 09:07:01] "GET /static/bower_components/metisMenu/dist/metisMenu.min.js HTTP/1.1" 304 0
[01/Feb/2018 09:07:01] "GET /static/bower_components/datatables/media/js/jquery.dataTables.min.js HTTP/1.1" 304 0
[01/Feb/2018 09:07:01] "GET /static/bower_components/bootstrap/dist/css/bootstrap.min.css HTTP/1.1" 304 0
[01/Feb/2018 09:07:01] "GET /static/bower_components/metisMenu/dist/metisMenu.min.css HTTP/1.1" 304 0
[01/Feb/2018 09:07:01] "GET /static/bower_components/datatables-plugins/integration/bootstrap/3/dataTables.bootstrap.css HTTP/1.1" 304 0
[01/Feb/2018 09:07:01] "GET /static/dist/css/sb-admin-2.css HTTP/1.1" 304 0
[01/Feb/2018 09:07:01] "GET /static/bower_components/datatables-responsive/css/dataTables.responsive.css HTTP/1.1" 404 1813
[01/Feb/2018 09:07:01] "GET /static/bower_components/font-awesome/css/font-awesome.min.css HTTP/1.1" 304 0
[01/Feb/2018 09:07:04] "GET /grant/ HTTP/1.1" 200 16711
[01/Feb/2018 09:08:23] "POST /grant/ HTTP/1.1" 200 16820
[01/Feb/2018 09:08:47] "GET /query/ HTTP/1.1" 200 14353
[01/Feb/2018 09:08:47] "GET /static/bower_components/datatables-responsive/css/dataTables.responsive.css HTTP/1.1" 404 1813
[01/Feb/2018 09:08:57] "GET /grant/ HTTP/1.1" 200 16711
[01/Feb/2018 09:09:38] "POST /grant/ HTTP/1.1" 200 16820
[01/Feb/2018 09:10:00] "POST /grant/ HTTP/1.1" 200 16820
[01/Feb/2018 09:10:04] "GET /query/ HTTP/1.1" 200 16421
[01/Feb/2018 09:10:04] "GET /static/bower_components/datatables-responsive/css/dataTables.responsive.css HTTP/1.1" 404 1813
[01/Feb/2018 09:57:49] "GET /grant/ HTTP/1.1" 200 16711
[01/Feb/2018 09:58:00] "GET /grant/ HTTP/1.1" 200 16711
[01/Feb/2018 09:58:38] "POST /grant/ HTTP/1.1" 200 16820
[01/Feb/2018 09:59:15] "POST /grant/ HTTP/1.1" 200 16820
[01/Feb/2018 10:03:20] "POST /grant/ HTTP/1.1" 200 16820
[01/Feb/2018 10:04:39] "POST /grant/ HTTP/1.1" 200 16820
[01/Feb/2018 10:08:44] "GET /query/ HTTP/1.1" 200 16421
[01/Feb/2018 10:08:44] "GET /static/bower_components/datatables-responsive/css/dataTables.responsive.css HTTP/1.1" 404 1813
[01/Feb/2018 10:09:13] "GET /grant/ HTTP/1.1" 200 16711
[01/Feb/2018 10:09:31] "POST /grant/ HTTP/1.1" 200 16820
[01/Feb/2018 10:29:05] "GET /wait/ HTTP/1.1" 200 6770
[01/Feb/2018 10:29:06] "GET /static/bower_components/datatables-responsive/css/dataTables.responsive.css HTTP/1.1" 404 1813
[01/Feb/2018 10:29:08] "GET /query/ HTTP/1.1" 200 16425
[01/Feb/2018 10:29:08] "GET /static/bower_components/datatables-responsive/css/dataTables.responsive.css HTTP/1.1" 404 1813
[01/Feb/2018 10:29:17] "GET /grant/ HTTP/1.1" 200 16711
[01/Feb/2018 10:29:36] "POST /grant/ HTTP/1.1" 200 16820
[01/Feb/2018 10:29:54] "POST /grant/ HTTP/1.1" 200 16820
[01/Feb/2018 10:30:11] "POST /grant/ HTTP/1.1" 200 16820
[01/Feb/2018 10:30:46] "POST /grant/ HTTP/1.1" 200 16820
[01/Feb/2018 10:31:25] "GET /query/ HTTP/1.1" 200 16437
[01/Feb/2018 10:31:26] "GET /static/bower_components/datatables-responsive/css/dataTables.responsive.css HTTP/1.1" 404 1813
[01/Feb/2018 10:31:37] "GET /grant/ HTTP/1.1" 200 16711
[01/Feb/2018 10:32:16] "POST /grant/ HTTP/1.1" 200 16820
[01/Feb/2018 10:32:57] "POST /grant/ HTTP/1.1" 200 16820
[01/Feb/2018 10:33:14] "POST /grant/ HTTP/1.1" 200 16820
[01/Feb/2018 10:33:32] "GET /query/ HTTP/1.1" 200 16441
[01/Feb/2018 10:33:32] "GET /static/bower_components/datatables-responsive/css/dataTables.responsive.css HTTP/1.1" 404 1813
[01/Feb/2018 10:33:41] "GET /grant/ HTTP/1.1" 200 16711
[01/Feb/2018 10:34:21] "POST /grant/ HTTP/1.1" 200 16820
[01/Feb/2018 10:34:30] "GET /query/ HTTP/1.1" 200 16441
[01/Feb/2018 10:34:30] "GET /static/bower_components/datatables-responsive/css/dataTables.responsive.css HTTP/1.1" 404 1813
[01/Feb/2018 10:34:41] "GET /grant/ HTTP/1.1" 200 16711
[01/Feb/2018 10:35:24] "POST /grant/ HTTP/1.1" 200 16820
[02/Feb/2018 10:22:17] "GET /query/ HTTP/1.1" 200 16441
[02/Feb/2018 10:22:17] "GET /static/bower_components/datatables-responsive/css/dataTables.responsive.css HTTP/1.1" 404 1813
[02/Feb/2018 10:27:16] "GET /grant/ HTTP/1.1" 200 16711
[02/Feb/2018 10:27:51] "POST /grant/ HTTP/1.1" 200 16820
[02/Feb/2018 10:28:10] "POST /grant/ HTTP/1.1" 200 16820
[02/Feb/2018 10:28:58] "POST /grant/ HTTP/1.1" 200 16820
[02/Feb/2018 10:29:46] "POST /grant/ HTTP/1.1" 200 16820
[02/Feb/2018 10:29:56] "GET /query/ HTTP/1.1" 200 20589
[02/Feb/2018 10:29:56] "GET /static/bower_components/datatables-responsive/css/dataTables.responsive.css HTTP/1.1" 404 1813
[02/Feb/2018 10:30:06] "GET /grant/ HTTP/1.1" 200 16711
[02/Feb/2018 10:30:31] "POST /grant/ HTTP/1.1" 200 16820
[02/Feb/2018 10:31:17] "GET /query/ HTTP/1.1" 200 21627
[02/Feb/2018 10:31:17] "GET /static/bower_components/datatables-responsive/css/dataTables.responsive.css HTTP/1.1" 404 1813
[02/Feb/2018 10:31:18] "GET /grant/ HTTP/1.1" 200 16711
[02/Feb/2018 10:31:55] "POST /grant/ HTTP/1.1" 200 16820
[02/Feb/2018 10:32:01] "GET /query/ HTTP/1.1" 200 22661
[02/Feb/2018 10:32:01] "GET /static/bower_components/datatables-responsive/css/dataTables.responsive.css HTTP/1.1" 404 1813
[02/Feb/2018 10:46:43] "GET /query/ HTTP/1.1" 200 22661
[02/Feb/2018 10:46:43] "GET /static/bower_components/bootstrap/dist/css/bootstrap.min.css HTTP/1.1" 304 0
[02/Feb/2018 10:46:44] "GET /static/bower_components/datatables-plugins/integration/bootstrap/3/dataTables.bootstrap.css HTTP/1.1" 304 0
[02/Feb/2018 10:46:44] "GET /static/bower_components/metisMenu/dist/metisMenu.min.css HTTP/1.1" 304 0
[02/Feb/2018 10:46:44] "GET /static/dist/css/sb-admin-2.css HTTP/1.1" 304 0
[02/Feb/2018 10:46:44] "GET /static/bower_components/datatables-responsive/css/dataTables.responsive.css HTTP/1.1" 404 1813
[02/Feb/2018 10:46:44] "GET /static/bower_components/font-awesome/css/font-awesome.min.css HTTP/1.1" 304 0
[02/Feb/2018 10:46:44] "GET /static/bower_components/jquery/dist/jquery.min.js HTTP/1.1" 304 0
[02/Feb/2018 10:46:44] "GET /static/bower_components/bootstrap/dist/js/bootstrap.min.js HTTP/1.1" 304 0
[02/Feb/2018 10:46:44] "GET /static/bower_components/datatables/media/js/jquery.dataTables.min.js HTTP/1.1" 304 0
[02/Feb/2018 10:46:44] "GET /static/bower_components/metisMenu/dist/metisMenu.min.js HTTP/1.1" 304 0
[02/Feb/2018 10:46:44] "GET /static/bower_components/datatables-plugins/integration/bootstrap/3/dataTables.bootstrap.min.js HTTP/1.1" 304 0
[02/Feb/2018 10:46:44] "GET /static/dist/js/sb-admin-2.js HTTP/1.1" 304 0
[02/Feb/2018 10:49:29] "GET /grant/ HTTP/1.1" 200 16711
[02/Feb/2018 10:49:59] "POST /grant/ HTTP/1.1" 200 16820
[02/Feb/2018 10:50:35] "POST /grant/ HTTP/1.1" 200 16820
[02/Feb/2018 10:51:02] "POST /grant/ HTTP/1.1" 200 16820
[02/Feb/2018 10:51:11] "GET /query/ HTTP/1.1" 200 23057
[02/Feb/2018 10:51:11] "GET /static/bower_components/datatables-responsive/css/dataTables.responsive.css HTTP/1.1" 404 1813
[02/Feb/2018 10:55:24] "GET /grant/ HTTP/1.1" 200 16711
[02/Feb/2018 10:55:44] "POST /grant/ HTTP/1.1" 200 16820
[02/Feb/2018 10:56:01] "POST /grant/ HTTP/1.1" 200 16820
[02/Feb/2018 10:56:24] "GET /query/ HTTP/1.1" 200 23057
[02/Feb/2018 10:56:24] "GET /static/bower_components/datatables-responsive/css/dataTables.responsive.css HTTP/1.1" 404 1813
[02/Feb/2018 11:02:22] "GET /grant/ HTTP/1.1" 200 16711
[02/Feb/2018 11:03:02] "POST /grant/ HTTP/1.1" 200 16820
[02/Feb/2018 11:03:55] "POST /grant/ HTTP/1.1" 200 16820
[02/Feb/2018 11:03:56] "GET /query/ HTTP/1.1" 200 23057
[02/Feb/2018 11:03:57] "GET /static/bower_components/datatables-responsive/css/dataTables.responsive.css HTTP/1.1" 404 1813
[02/Feb/2018 11:05:44] "GET /query/ HTTP/1.1" 200 23057
[02/Feb/2018 11:05:45] "GET /static/bower_components/datatables-responsive/css/dataTables.responsive.css HTTP/1.1" 404 1813
[02/Feb/2018 11:05:49] "GET /grant/ HTTP/1.1" 200 16711
[02/Feb/2018 11:05:57] "GET /query/ HTTP/1.1" 200 23057
[02/Feb/2018 11:05:57] "GET /static/bower_components/datatables-responsive/css/dataTables.responsive.css HTTP/1.1" 404 1813
[02/Feb/2018 11:06:01] "GET /grant/ HTTP/1.1" 200 16711
[02/Feb/2018 11:06:16] "POST /grant/ HTTP/1.1" 200 16842
[02/Feb/2018 11:07:00] "POST /grant/ HTTP/1.1" 200 16820
[02/Feb/2018 11:07:17] "GET /query/ HTTP/1.1" 200 23057
[02/Feb/2018 11:07:17] "GET /static/bower_components/datatables-responsive/css/dataTables.responsive.css HTTP/1.1" 404 1813
[02/Feb/2018 11:07:38] "GET /grant/ HTTP/1.1" 200 16711
[02/Feb/2018 11:08:20] "POST /grant/ HTTP/1.1" 200 16820
[02/Feb/2018 11:08:55] "GET /query/ HTTP/1.1" 200 23053
[02/Feb/2018 11:08:55] "GET /static/bower_components/datatables-responsive/css/dataTables.responsive.css HTTP/1.1" 404 1813
[02/Feb/2018 11:08:59] "GET /grant/ HTTP/1.1" 200 16711
[02/Feb/2018 11:09:04] "POST /grant/ HTTP/1.1" 200 16839
[02/Feb/2018 11:09:47] "POST /grant/ HTTP/1.1" 200 16820
[02/Feb/2018 11:09:49] "GET /query/ HTTP/1.1" 200 23053
[02/Feb/2018 11:09:49] "GET /static/bower_components/datatables-responsive/css/dataTables.responsive.css HTTP/1.1" 404 1813
[02/Feb/2018 11:09:54] "GET /grant/ HTTP/1.1" 200 16711
[02/Feb/2018 11:10:36] "POST /grant/ HTTP/1.1" 200 16820
[02/Feb/2018 11:10:49] "GET /query/ HTTP/1.1" 200 23049
[02/Feb/2018 11:10:49] "GET /static/bower_components/datatables-responsive/css/dataTables.responsive.css HTTP/1.1" 404 1813
[02/Feb/2018 11:23:46] "GET /grant/ HTTP/1.1" 200 16711
[02/Feb/2018 11:23:50] "GET /grant/ HTTP/1.0" 200 1272
[02/Feb/2018 11:26:43] "GET /grant/ HTTP/1.1" 200 1272
[02/Feb/2018 11:26:44] "GET /static/dist/css/style.css HTTP/1.1" 200 4882
[06/Feb/2018 09:16:39] "GET /grant/ HTTP/1.1" 200 16711
[06/Feb/2018 09:16:53] "GET /query/ HTTP/1.1" 200 23151
[06/Feb/2018 09:16:53] "GET /static/bower_components/datatables-responsive/css/dataTables.responsive.css HTTP/1.1" 404 1813
[06/Feb/2018 09:18:43] "GET /grant/ HTTP/1.1" 200 16711
[06/Feb/2018 09:18:43] "GET /static/bower_components/metisMenu/dist/metisMenu.min.css HTTP/1.1" 200 781
[06/Feb/2018 09:18:43] "GET /static/bower_components/bootstrap/dist/css/bootstrap.min.css HTTP/1.1" 200 121260
[06/Feb/2018 09:18:43] "GET /static/bower_components/font-awesome/css/font-awesome.min.css HTTP/1.1" 200 21984
[06/Feb/2018 09:18:43] "GET /static/dist/css/sb-admin-2.css HTTP/1.1" 200 5593
[06/Feb/2018 09:18:43] "GET /static/selected/prism.css HTTP/1.1" 200 1492
[06/Feb/2018 09:18:43] "GET /static/bower_components/jquery/dist/jquery.min.js HTTP/1.1" 200 84380
[06/Feb/2018 09:18:43] "GET /static/bower_components/bootstrap/dist/js/bootstrap.min.js HTTP/1.1" 200 36868
[06/Feb/2018 09:18:43] "GET /static/selected/chosen.css HTTP/1.1" 200 12587
[06/Feb/2018 09:18:43] "GET /static/bower_components/metisMenu/dist/metisMenu.min.js HTTP/1.1" 200 1879
[06/Feb/2018 09:18:43] "GET /static/selected/prism.js HTTP/1.1" 200 6659
[06/Feb/2018 09:18:43] "GET /static/dist/js/sb-admin-2.js HTTP/1.1" 200 1181
[06/Feb/2018 09:18:43] "GET /static/selected/chosen.jquery.js HTTP/1.1" 200 30044
[06/Feb/2018 09:18:44] "GET /static/bower_components/font-awesome/fonts/fontawesome-webfont.woff?v=4.2.0 HTTP/1.1" 200 65452
[06/Feb/2018 09:18:44] "GET /static/js/JTimer.js HTTP/1.1" 200 25470
[06/Feb/2018 09:19:51] "POST /grant/ HTTP/1.1" 200 16820
[06/Feb/2018 09:28:39] "GET /query/ HTTP/1.1" 200 8148
[06/Feb/2018 09:28:39] "GET /static/bower_components/datatables-responsive/css/dataTables.responsive.css HTTP/1.1" 404 1813
[06/Feb/2018 09:28:39] "GET /static/bower_components/datatables-plugins/integration/bootstrap/3/dataTables.bootstrap.min.js HTTP/1.1" 200 1942
[06/Feb/2018 09:28:39] "GET /static/bower_components/datatables-plugins/integration/bootstrap/3/dataTables.bootstrap.css HTTP/1.1" 200 7616
[06/Feb/2018 09:28:39] "GET /static/bower_components/datatables/media/js/jquery.dataTables.min.js HTTP/1.1" 200 81702
[06/Feb/2018 09:31:37] "GET /query/ HTTP/1.1" 200 8148
[06/Feb/2018 09:31:37] "GET /static/bower_components/datatables-responsive/css/dataTables.responsive.css HTTP/1.1" 404 1813
[06/Feb/2018 09:31:40] "GET /wait/ HTTP/1.1" 200 6770
[06/Feb/2018 09:31:40] "GET /static/bower_components/datatables-responsive/css/dataTables.responsive.css HTTP/1.1" 404 1813
[06/Feb/2018 09:31:43] "GET /grant/ HTTP/1.1" 200 16711
[06/Feb/2018 10:15:26] "GET /grant/ HTTP/1.1" 200 16711
[06/Feb/2018 10:15:28] "GET /query/ HTTP/1.1" 200 8148
[06/Feb/2018 10:15:28] "GET /static/bower_components/datatables-responsive/css/dataTables.responsive.css HTTP/1.1" 404 1813
[06/Feb/2018 10:17:30] "GET /grant/ HTTP/1.1" 200 16711
[06/Feb/2018 10:17:50] "POST /grant/ HTTP/1.1" 200 16820
[06/Feb/2018 10:19:12] "GET /grant/ HTTP/1.1" 200 16711
[06/Feb/2018 10:19:14] "GET /query/ HTTP/1.1" 200 9185
[06/Feb/2018 10:19:14] "GET /static/bower_components/datatables-responsive/css/dataTables.responsive.css HTTP/1.1" 404 1813
[06/Feb/2018 10:19:16] "GET /flow/ HTTP/1.1" 200 74844
